{
    "paired_end_stub": {
        "content": [
            {
                "0": [
                    
                ],
                "1": [
                    
                ],
                "2": [
                    
                ],
                "3": [
                    
                ],
                "4": [
                    
                ],
                "5": [
                    
                ],
                "6": [
                    
                ],
                "html": [
                    
                ],
                "json": [
                    
                ],
                "log": [
                    
                ],
                "reads": [
                    
                ],
                "reads_fail": [
                    
                ],
                "reads_merged": [
                    
                ],
                "versions": [
                    
                ]
            }
        ],
        "meta": {
            "nf-test": "0.9.2",
            "nextflow": "24.10.4"
        },
        "timestamp": "2025-06-24T14:40:32.052631015"
    },
    "paired_end_basic": {
        "content": [
            {
                "0": [
                    
                ],
                "1": [
                    
                ],
                "2": [
                    
                ],
                "3": [
                    
                ],
                "4": [
                    
                ],
                "5": [
                    
                ],
                "6": [
                    
                ],
                "html": [
                    
                ],
                "json": [
                    
                ],
                "log": [
                    
                ],
                "reads": [
                    
                ],
                "reads_fail": [
                    
                ],
                "reads_merged": [
                    
                ],
                "versions": [
                    
                ]
            }
        ],
        "meta": {
            "nf-test": "0.9.2",
            "nextflow": "24.10.4"
        },
        "timestamp": "2025-06-24T14:45:37.499556435"
    },
    "paired_end_with_merge": {
        "content": [
            {
                "0": [
                    
                ],
                "1": [
                    
                ],
                "2": [
                    
                ],
                "3": [
                    
                ],
                "4": [
                    
                ],
                "5": [
                    
                ],
                "6": [
                    
                ],
                "html": [
                    
                ],
                "json": [
                    
                ],
                "log": [
                    
                ],
                "reads": [
                    
                ],
                "reads_fail": [
                    
                ],
                "reads_merged": [
                    
                ],
                "versions": [
                    
                ]
            }
        ],
        "meta": {
            "nf-test": "0.9.2",
            "nextflow": "24.10.4"
        },
        "timestamp": "2025-06-24T14:35:22.045464211"
    },
    "paired_end_real_sample": {
        "content": [
            [
                
            ],
            [
                
            ],
            [
                
            ]
        ],
        "meta": {
            "nf-test": "0.9.2",
            "nextflow": "24.10.4"
        },
        "timestamp": "2025-06-24T14:40:26.722831682"
    },
    "paired_end_with_fail_trim": {
        "content": [
            {
                "0": [
                    
                ],
                "1": [
                    
                ],
                "2": [
                    
                ],
                "3": [
                    
                ],
                "4": [
                    
                ],
                "5": [
                    
                ],
                "6": [
                    
                ],
                "html": [
                    
                ],
                "json": [
                    
                ],
                "log": [
                    
                ],
                "reads": [
                    
                ],
                "reads_fail": [
                    
                ],
                "reads_merged": [
                    
                ],
                "versions": [
                    
                ]
            }
        ],
        "meta": {
            "nf-test": "0.9.2",
            "nextflow": "24.10.4"
        },
        "timestamp": "2025-06-24T14:45:43.159121847"
    }
}