{
    "Summarize QC Test": {
        "content": [
            [
                "sample_summary.tsv:md5,a00a50fbe609f4322ac955833408b13f"
            ]
        ],
        "timestamp": "2026-08-31T16:05:25.908578722",
        "meta": {
            "nf-test": "0.9.5",
            "nextflow": "25.10.4"
        }
    }
}