{
    "Prefetch Test": {
        "content": [
            {
                "0": [
                    
                ],
                "sra": [
                    
                ]
            }
        ],
        "meta": {
            "nf-test": "0.9.2",
            "nextflow": "24.10.4"
        },
        "timestamp": "2025-07-09T13:24:29.103330323"
    }
}