{
    "Variant Convert Test": {
        "content": [
            {
                "0": [
                    
                ],
                "1": [
                    
                ],
                "vcf": [
                    
                ],
                "versions": [
                    
                ]
            }
        ],
        "meta": {
            "nf-test": "0.9.2",
            "nextflow": "24.10.4"
        },
        "timestamp": "2025-07-11T16:12:38.15682358"
    },
    "Should convert ivar TSV to VCF without error": {
        "content": [
            {
                "0": [
                    
                ],
                "1": [
                    
                ],
                "vcf": [
                    
                ],
                "versions": [
                    
                ]
            }
        ],
        "meta": {
            "nf-test": "0.9.2",
            "nextflow": "24.10.4"
        },
        "timestamp": "2025-07-08T13:42:27.638373472"
    }
}