{
    "Test | Clade II/FASTAonly": {
        "content": [
            {
                "0": [
                    
                ],
                "1": [
                    
                ],
                "index": [
                    
                ],
                "versions": [
                    
                ]
            }
        ],
        "meta": {
            "nf-test": "0.9.2",
            "nextflow": "24.10.4"
        },
        "timestamp": "2025-06-24T16:40:06.832684709"
    },
    "Test | Clade I": {
        "content": [
            {
                "0": [
                    
                ],
                "1": [
                    
                ],
                "index": [
                    
                ],
                "versions": [
                    
                ]
            }
        ],
        "meta": {
            "nf-test": "0.9.2",
            "nextflow": "24.10.4"
        },
        "timestamp": "2025-07-11T16:15:32.769447309"
    },
    "Test | Clade I/FASTAonly": {
        "content": [
            {
                "0": [
                    
                ],
                "1": [
                    
                ],
                "index": [
                    
                ],
                "versions": [
                    
                ]
            }
        ],
        "meta": {
            "nf-test": "0.9.2",
            "nextflow": "24.10.4"
        },
        "timestamp": "2025-06-24T16:39:02.534059762"
    },
    "Test | Clade II": {
        "content": [
            {
                "0": [
                    
                ],
                "1": [
                    
                ],
                "index": [
                    
                ],
                "versions": [
                    
                ]
            }
        ],
        "meta": {
            "nf-test": "0.9.2",
            "nextflow": "24.10.4"
        },
        "timestamp": "2025-07-11T16:15:39.849326942"
    }
}