{
    "Validate samplesheet": {
        "content": [
            {
                "0": [
                    "samplesheet.valid.csv:md5,736ba5ae4db834d3aa0bcead2c7a3ea1"
                ],
                "1": [
                    "versions.yml:md5,18be61d02e0cddb04ad768625a029906"
                ],
                "csv": [
                    "samplesheet.valid.csv:md5,736ba5ae4db834d3aa0bcead2c7a3ea1"
                ],
                "versions": [
                    "versions.yml:md5,18be61d02e0cddb04ad768625a029906"
                ]
            }
        ],
        "meta": {
            "nf-test": "0.9.2",
            "nextflow": "24.10.4"
        },
        "timestamp": "2025-07-11T16:10:00.755954244"
    },
    "Should run without failures": {
        "content": [
            {
                "0": [
                    "samplesheet.valid.csv:md5,a2dd7c0c201ac9c59ab433e83cbb8173"
                ],
                "1": [
                    "versions.yml:md5,18be61d02e0cddb04ad768625a029906"
                ],
                "csv": [
                    "samplesheet.valid.csv:md5,a2dd7c0c201ac9c59ab433e83cbb8173"
                ],
                "versions": [
                    "versions.yml:md5,18be61d02e0cddb04ad768625a029906"
                ]
            }
        ],
        "meta": {
            "nf-test": "0.9.2",
            "nextflow": "24.10.4"
        },
        "timestamp": "2025-06-24T12:24:17.155878561"
    }
}