{
    "Validate samplesheet": {
        "content": [
            [
                "samplesheet.valid.csv:md5,736ba5ae4db834d3aa0bcead2c7a3ea1"
            ]
        ],
        "timestamp": "2026-08-31T16:05:03.110715249",
        "meta": {
            "nf-test": "0.9.5",
            "nextflow": "25.10.4"
        }
    }
}