{
    "Should run without failures": {
        "content": [
            {
                "0": [
                    
                ],
                "1": [
                    
                ],
                "2": [
                    
                ],
                "3": [
                    
                ],
                "bai": [
                    
                ],
                "bam": [
                    
                ],
                "bambai": [
                    
                ],
                "versions": [
                    
                ]
            }
        ],
        "timestamp": "2026-06-02T11:57:17.424129714",
        "meta": {
            "nf-test": "0.9.5",
            "nextflow": "25.10.4"
        }
    }
}