{
    "Should run without failures": {
        "content": [
            {
                "0": [
                    [
                        {
                            "id": "test_sub"
                        },
                        "test_sub.bam:md5,7087c5c816614cdd32750d199a618e37"
                    ]
                ],
                "1": [
                    [
                        {
                            "id": "test_sub"
                        },
                        "test_sub.bam:md5,7087c5c816614cdd32750d199a618e37",
                        "test_sub.bam.bai:md5,a6ca1f04e75d1e3fc8f61354620a7d09"
                    ]
                ],
                "2": [
                    [
                        {
                            "id": "test_sub"
                        },
                        "test_sub.bam.bai:md5,a6ca1f04e75d1e3fc8f61354620a7d09"
                    ]
                ],
                "3": [
                    "versions.yml:md5,be46ec19081902e1d5850e2b54607825",
                    "versions.yml:md5,db7924bc6e2e454fdaa37bd92b4ce933"
                ],
                "bai": [
                    [
                        {
                            "id": "test_sub"
                        },
                        "test_sub.bam.bai:md5,a6ca1f04e75d1e3fc8f61354620a7d09"
                    ]
                ],
                "bam": [
                    [
                        {
                            "id": "test_sub"
                        },
                        "test_sub.bam:md5,7087c5c816614cdd32750d199a618e37"
                    ]
                ],
                "bambai": [
                    [
                        {
                            "id": "test_sub"
                        },
                        "test_sub.bam:md5,7087c5c816614cdd32750d199a618e37",
                        "test_sub.bam.bai:md5,a6ca1f04e75d1e3fc8f61354620a7d09"
                    ]
                ],
                "versions": [
                    "versions.yml:md5,be46ec19081902e1d5850e2b54607825",
                    "versions.yml:md5,db7924bc6e2e454fdaa37bd92b4ce933"
                ]
            }
        ],
        "timestamp": "2026-06-02T14:13:18.25927379",
        "meta": {
            "nf-test": "0.9.5",
            "nextflow": "25.10.4"
        }
    }
}