{
    "Should run without failures": {
        "content": [
            {
                "0": [
                    [
                        {
                            "id": "test_sub"
                        },
                        "test_sub.final.fa:md5,490b4a0d1d79dd4d1f2200a01ff6664b"
                    ]
                ],
                "1": [
                    
                ],
                "2": [
                    "versions.yml:md5,3d1ec890cccabfed01981589c3052dda"
                ],
                "fasta": [
                    [
                        {
                            "id": "test_sub"
                        },
                        "test_sub.final.fa:md5,490b4a0d1d79dd4d1f2200a01ff6664b"
                    ]
                ],
                "mpileup": [
                    
                ],
                "versions": [
                    "versions.yml:md5,3d1ec890cccabfed01981589c3052dda"
                ]
            }
        ],
        "timestamp": "2026-06-02T14:15:18.265171734",
        "meta": {
            "nf-test": "0.9.5",
            "nextflow": "25.10.4"
        }
    }
}