{
    "Should run without failures": {
        "content": [
            {
                "0": [
                    
                ],
                "1": [
                    
                ],
                "flagstat": [
                    
                ],
                "versions": [
                    
                ]
            }
        ],
        "timestamp": "2026-06-02T12:06:41.850396283",
        "meta": {
            "nf-test": "0.9.5",
            "nextflow": "25.10.4"
        }
    }
}