{
    "Should run without failures": {
        "content": [
            {
                "0": [
                    [
                        {
                            "id": "test_sub"
                        },
                        "test_sub_ivar_summary.txt:md5,a852dca08d151c5e78014321d0dada3a"
                    ]
                ],
                "1": [
                    "versions.yml:md5,0cbd61a73d6ea3408f3b35037e7139f2"
                ],
                "vars": [
                    [
                        {
                            "id": "test_sub"
                        },
                        "test_sub_ivar_summary.txt:md5,a852dca08d151c5e78014321d0dada3a"
                    ]
                ],
                "versions": [
                    "versions.yml:md5,0cbd61a73d6ea3408f3b35037e7139f2"
                ]
            }
        ],
        "timestamp": "2026-08-27T14:49:32.699777862",
        "meta": {
            "nf-test": "0.9.5",
            "nextflow": "25.10.4"
        }
    }
}