{
    "Should run without failures": {
        "content": [
            {
                "0": [
                    
                ],
                "1": [
                    "versions.yml:md5,d45c4396a117ec366dc5a38e1ef23ab6"
                ],
                "diff": [
                    
                ],
                "versions": [
                    "versions.yml:md5,d45c4396a117ec366dc5a38e1ef23ab6"
                ]
            }
        ],
        "timestamp": "2026-06-02T14:11:26.62602181",
        "meta": {
            "nf-test": "0.9.5",
            "nextflow": "25.10.4"
        }
    }
}